
> Career Vedha-app@1.0.0 build
> vite build

[36mvite v5.4.21 [32mbuilding for production...[36m[39m
transforming...
[32mΓ£ô[39m 8 modules transformed.
node.exe : [31mx[39m Build failed in 87ms
At line:1 char:1
+ & "C:\Program Files\nodejs/node.exe" 
"C:\Program Files\nodejs/node_mo ...
+ ~~~~~~~~~~~~~~~~~~~~~~~~~~~~~~~~~~~~~~~~~
~~~~~~~~~~~~~~~~~~~~~~~~~~~~
    + CategoryInfo          : NotSpecified 
   : ([31mx[39m Build failed in 87ms:St  
  ring) [], RemoteException
    + FullyQualifiedErrorId : NativeComman 
   dError
 
[31merror during build:
[31m[vite-plugin-pwa:build] [plugin 
vite-plugin-pwa:build] 
src/pages/CMS/TaxonomyManagement.jsx 
(1:99): There was an error during the 
build:
  Transform failed with 1 error:
C:/Users/chait/Desktop/Career Vedha/Career_
Vedha_Frontend/src/pages/CMS/TaxonomyManage
ment.jsx:1:99: ERROR: Unterminated string 
literal
Additionally, handling the error in the 
'buildEnd' hook caused the following error:
  Transform failed with 1 error:
C:/Users/chait/Desktop/Career Vedha/Career_
Vedha_Frontend/src/pages/CMS/TaxonomyManage
ment.jsx:1:99: ERROR: Unterminated string 
literal[31m
file: [36mC:/Users/chait/Desktop/Career Ve
dha/Career_Vedha_Frontend/src/pages/CMS/Tax
onomyManagement.jsx:1:99[31m
[33m
[33mUnterminated string literal[33m
1  |  import React, { useState, useEffect, 
useCallback, useRef } from 'export default 
TaxonomyManagement;
   |                                       
                                           
                   ^
2  |  import { useNavigate } from 
'react-router-dom';
3  |  import api, { getUserContext, 
subscribeToAuthChanges } from 
'../../services/api';
[31m
    at getRollupError (file:///C:/Users/cha
it/Desktop/Career%20Vedha/Career_Vedha_Fron
tend/node_modules/rollup/dist/es/shared/par
seAst.js:401:41)
    at file:///C:/Users/chait/Desktop/Caree
r%20Vedha/Career_Vedha_Frontend/node_module
s/rollup/dist/es/shared/node-entry.js:23467
:39
    at process.processTicksAndRejections 
(node:internal/process/task_queues:103:5)
    at async catchUnfinishedHookActions (fi
le:///C:/Users/chait/Desktop/Career%20Vedha
/Career_Vedha_Frontend/node_modules/rollup/
dist/es/shared/node-entry.js:22925:16)
    at async rollupInternal (file:///C:/Use
rs/chait/Desktop/Career%20Vedha/Career_Vedh
a_Frontend/node_modules/rollup/dist/es/shar
ed/node-entry.js:23450:5)
    at async build (file:///C:/Users/chait/
Desktop/Career%20Vedha/Career_Vedha_Fronten
d/node_modules/vite/dist/node/chunks/dep-BK
3b2jBa.js:65709:14)
    at async CAC.<anonymous> (file:///C:/Us
ers/chait/Desktop/Career%20Vedha/Career_Ved
ha_Frontend/node_modules/vite/dist/node/cli
.js:829:5)[39m
