node : file:///C:/Users/chait/Desktop/Career%20Vedha/fro
nt/test_import.js:1
At line:1 char:1
+ node test_import.js > test_output.txt 2>&1
+ ~~~~~~~~~~~~~~~~~~~~~~~~~~~~~~~~~~~~~~~~~~
    + CategoryInfo          : NotSpecified: (file:///C: 
   /User...est_import.js:1:String) [], RemoteException
    + FullyQualifiedErrorId : NativeCommandError
 
const axios = require('axios');
              ^

ReferenceError: require is not defined in ES module 
scope, you can use import instead
This file is being treated as an ES module because it 
has a '.js' file extension and 
'C:\Users\chait\Desktop\Career 
Vedha\front\package.json' contains "type": "module". To 
treat it as a CommonJS script, rename it to use the 
'.cjs' file extension.
    at file:///C:/Users/chait/Desktop/Career%20Vedha/fro
nt/test_import.js:1:15
    at ModuleJob.run 
(node:internal/modules/esm/module_job:413:25)
    at async onImport.tracePromise.__proto__ 
(node:internal/modules/esm/loader:660:26)
    at async asyncRunEntryPointWithESMLoader 
(node:internal/modules/run_main:101:5)

Node.js v24.12.0
